DEBUG: Iniciando Vertex AI...
DEBUG: Vertex AI OK.
DEBUG: Iniciando DatabaseConnector...
DEBUG: Init concluído.

--- Analisando Cliente: C001385 ---
Gerando Pitch de Vendas...

**Script de Abordagem - Consultor de Sucesso do Cliente**

**Abertura:**
"Olá, equipe Sendas. Como faturamos ontem (07/01), vejo que nossa parceria segue ativa e a operação está a todo vapor. É sempre um prazer atendê-los."

**Investigação:**
"Notei a cotação #60417 em aberto hoje focada apenas em Feijão. Houve alguma mudança específica na demanda da ponta ou ruptura nesses itens que justifique o pedido isolado? Quero entender para garantir que não percamos eficiência logística."

**Pitch do Arroz (Foco):**
"Para viabilizar as condições desse Feijão e otimizar o frete aproveitando o fluxo recente, esta é a oportunidade exata para incluir o **Arroz Branco 1kg e 2kg**. Estamos com uma condição exclusiva de reposição estratégica para essas versões, essenciais para capturar o consumidor de vizinhança que busca desembolso menor."

**Fechamento (Pedido Ideal):**
"Minha sugestão para consolidar a carga e melhorar a margem geral é o seguinte mix:
1. Feijão Carioca e Preto (Conforme Cotação #60417)
2. Arroz Branco 1kg (200 fardos - Reposição)
3. Arroz Branco 2kg (50 fardos - Giro Rápido)

Podemos faturar essa grade agora e garantir a prioridade na expedição?"
